---
source: src/id.rs
expression: deserialized
---
UploadId(
    "wcfytxww4opin4jmjjes4ccfd",
)
