---
source: src/alphabet.rs
expression: "json!({ \"id\": id, \"check\": check.unwrap(), \"formatted_id\": formatted_id })"
---
{
  "check": "j",
  "formatted_id": "bbbpbpbj",
  "id": "bbbpbpb"
}
