---
source: src/id.rs
expression: serialized
---
"\"wcfytxww4opin4jmjjes4ccfd\""
