---
source: src/alphabet.rs
expression: "json!({ \"id\": id, \"check\": check.unwrap(), \"formatted_id\": formatted_id })"
---
{
  "check": "d",
  "formatted_id": "iiiiiiid",
  "id": "Il717il"
}
