---
source: src/alphabet.rs
expression: "json!({ \"id\": id, \"check\": check.unwrap(), \"formatted_id\": formatted_id })"
---
{
  "check": "p",
  "formatted_id": "sssssssp",
  "id": "5s25zs5"
}
