---
source: src/alphabet.rs
expression: "json!({ \"id\": id, \"check\": check.unwrap(), \"formatted_id\": formatted_id })"
---
{
  "check": "e",
  "formatted_id": "ooooooooe",
  "id": "0oO0OooO"
}
