---
source: src/alphabet.rs
expression: "json!({ \"id\": id, \"check\": check.unwrap(), \"formatted_id\": formatted_id })"
---
{
  "check": "c",
  "formatted_id": "wwvnwwwvc",
  "id": "vuuvvnwvvwv"
}
