---
source: src/alphabet.rs
expression: "json!({ \"id\": id, \"check\": check.unwrap(), \"formatted_id\": formatted_id })"
---
{
  "check": "i",
  "formatted_id": "bbbbbbbi",
  "id": "6G6GGG6"
}
