---
source: src/alphabet.rs
expression: "json!({ \"id\": id, \"check\": check.unwrap(), \"formatted_id\": formatted_id })"
---
{
  "check": "e",
  "formatted_id": "bbbbbbbssssiiiiooe",
  "id": "9qg6G8B2Z5SIl170O"
}
